server/controllers/adminController.ts(102,43): error TS2345: Argument of type 'string | null | undefined' is not assignable to parameter of type 'string | undefined'.
  Type 'null' is not assignable to type 'string | undefined'.
server/controllers/recruiterController.ts(57,43): error TS2345: Argument of type 'string | null | undefined' is not assignable to parameter of type 'string | undefined'.
  Type 'null' is not assignable to type 'string | undefined'.
server/controllers/recruiterController.ts(101,43): error TS2345: Argument of type 'string | null | undefined' is not assignable to parameter of type 'string | undefined'.
  Type 'null' is not assignable to type 'string | undefined'.
server/controllers/studentController.ts(30,46): error TS2345: Argument of type 'string | null | undefined' is not assignable to parameter of type 'string | undefined'.
  Type 'null' is not assignable to type 'string | undefined'.
